
CG-DTE@CG-DTE-Student MINGW64 /d/FULL STACK WEB DEVLEOPMENT/Git_Repository (master)
$ git status
On branch master
nothing to commit, working tree clean

CG-DTE@CG-DTE-Student MINGW64 /d/FULL STACK WEB DEVLEOPMENT/Git_Repository (master)
$ git add remote origin git@github.com:krishnapanditgithub/FirstRepository.git
fatal: pathspec 'remote' did not match any files

CG-DTE@CG-DTE-Student MINGW64 /d/FULL STACK WEB DEVLEOPMENT/Git_Repository (master)
$ ssh-keygen -t rsa -b 4096 -C "krishnakumarji100@gmail.com"
Generating public/private rsa key pair.
Enter file in which to save the key (/c/Users/CG-DTE/.ssh/id_rsa):
Created directory '/c/Users/CG-DTE/.ssh'.
Enter passphrase (empty for no passphrase):
Enter same passphrase again:
Your identification has been saved in /c/Users/CG-DTE/.ssh/id_rsa
Your public key has been saved in /c/Users/CG-DTE/.ssh/id_rsa.pub
The key fingerprint is:
SHA256:o10TOFbu9dA0MGbSt/6/0k/Pr86eDMe9iL418FooZfg krishnakumarji100@gmail.com
The key's randomart image is:
+---[RSA 4096]----+
|          o.=.o  |
|         + +.+.. |
|        + o o... |
|       . o.o o.  |
|        S.++ ..  |
|       o o+.+... |
|      . .. E.=+.o|
|          . =*o=+|
|          .=.+O+@|
+----[SHA256]-----+

CG-DTE@CG-DTE-Student MINGW64 /d/FULL STACK WEB DEVLEOPMENT/Git_Repository (master)
$ eval "$(ssh-agent -s)"
Agent pid 1776

CG-DTE@CG-DTE-Student MINGW64 /d/FULL STACK WEB DEVLEOPMENT/Git_Repository (master)
$ ssh-add ~/.ssh/id_ed25519
/c/Users/CG-DTE/.ssh/id_ed25519: No such file or directory

CG-DTE@CG-DTE-Student MINGW64 /d/FULL STACK WEB DEVLEOPMENT/Git_Repository (master)
$ ssh-add ~/.ssh/id_rsa
Identity added: /c/Users/CG-DTE/.ssh/id_rsa (krishnakumarji100@gmail.com)

CG-DTE@CG-DTE-Student MINGW64 /d/FULL STACK WEB DEVLEOPMENT/Git_Repository (master)
$ clip < ~/.ssh/id_rsa.pub

CG-DTE@CG-DTE-Student MINGW64 /d/FULL STACK WEB DEVLEOPMENT/Git_Repository (master)
$ git push -u origin master
fatal: 'origin' does not appear to be a git repository
fatal: Could not read from remote repository.

Please make sure you have the correct access rights
and the repository exists.
